rp114-red.log
 FAIL  |suite| tests/presentation/editor/stairArrowDelivery.test.ts > preserves untouched placement precision when changing only Stair treads and direction
 FAIL  |suite| tests/presentation/editor/stairArrowDelivery.test.ts > does not write or add history for an unchanged 'stair' movement
 FAIL  |suite| tests/presentation/editor/stairArrowDelivery.test.ts > does not write or add history for an unchanged 'arrow' movement
 FAIL  |suite| tests/presentation/editor/stairArrowDelivery.test.ts > retries a compensated 'stair' edit through the same reversible command
 FAIL  |suite| tests/presentation/editor/stairArrowDelivery.test.ts > retries a compensated 'arrow' edit through the same reversible command
 Test Files  1 failed (1)
      Tests  5 failed (5)
   Duration  34.98s (transform 14.52s, setup 0ms, import 17.98s, tests 2.04s, environment 14.68s)

rp114-expanded.log
 FAIL  |suite| tests/presentation/editor/stairArrowDelivery.test.ts > retries a compensated 'stair' rotation without losing its exact inverse
 FAIL  |suite| tests/presentation/editor/stairArrowDelivery.test.ts > retries a compensated 'arrow' rotation without losing its exact inverse
 Test Files  1 failed (1)
      Tests  2 failed | 11 passed (13)
   Duration  131.77s (transform 35.62s, setup 0ms, import 65.70s, tests 16.07s, environment 48.20s)

rp114-external-red.log
 FAIL  |suite| tests/presentation/editor/stairArrowDelivery.test.ts > retires the 'stair' form after a same-revision external geometry edit
 FAIL  |suite| tests/presentation/editor/stairArrowDelivery.test.ts > retires the 'arrow' form after a same-revision external geometry edit
 Test Files  1 failed (1)
      Tests  2 failed | 13 skipped (15)
   Duration  18.31s (transform 12.39s, setup 0ms, import 15.41s, tests 1.17s, environment 1.44s)
