RP_CHROMIUM_EXECUTABLE is set: capturing with C:\Program Files (x86)\Microsoft\Edge\Application\msedge.exe, which is not the Chromium playwright-core pins.
Read the pictures as approximate — a different build renders text and layout slightly differently.
22:53:39 [vite] (client) [console.warn] Konva warning: The stage has 6 layers. Recommended maximum number of layers is 3-5. Adding more layers into the stage may drop the performance. Rethink your tree structure, you can use Konva.Group.
22:53:39 [vite] (client) [console.warn] Konva warning: The stage has 7 layers. Recommended maximum number of layers is 3-5. Adding more layers into the stage may drop the performance. Rethink your tree structure, you can use Konva.Group.
22:53:40 [vite] (client) [console.warn] Konva warning: The stage has 6 layers. Recommended maximum number of layers is 3-5. Adding more layers into the stage may drop the performance. Rethink your tree structure, you can use Konva.Group.
22:53:40 [vite] (client) [console.warn] Konva warning: The stage has 7 layers. Recommended maximum number of layers is 3-5. Adding more layers into the stage may drop the performance. Rethink your tree structure, you can use Konva.Group.
node:internal/modules/run_main:107
    triggerUncaughtException(
    ^

locator.boundingBox: Timeout 30000ms exceeded.
Call log:
  - waiting for locator('.rp-room-inspector > h3')

    at inspectorVisibility (D:\Projects\renovation-planner\.worktrees\editor-object-ui\scripts\editor-inspector-visibility.mjs:9:44)
    at async captureInspectorDesign (D:\Projects\renovation-planner\.worktrees\editor-object-ui\scripts\editor-matching-views.mjs:28:17)
    at async captureOverviewMatching (D:\Projects\renovation-planner\.worktrees\editor-object-ui\scripts\editor-matching-views.mjs:48:22)
    at async journey (D:\Projects\renovation-planner\.worktrees\editor-object-ui\scripts\editor-visual-overview.mjs:43:23)
    at async runAreaBrowserMatrix (D:\Projects\renovation-planner\.worktrees\editor-object-ui\scripts\editor-area-browser.mjs:100:15)
    at async file:///D:/Projects/renovation-planner/.worktrees/editor-object-ui/scripts/editor-visual-overview.mjs:86:1 {
  log: [ "  - waiting for locator('.rp-room-inspector > h3')" ],
  name: 'TimeoutError'
}

Node.js v24.20.0
