RP_CHROMIUM_EXECUTABLE is set: capturing with C:/Program Files (x86)/Microsoft/Edge/Application/msedge.exe, which is not the Chromium playwright-core pins.
Read the pictures as approximate — a different build renders text and layout slightly differently.
21:52:34 [vite] (client) [optimizer] scanning dependencies...
21:52:37 [vite] (client) [optimizer] bundling dependencies...
21:52:40 [vite] (client) [console.warn] Konva warning: The stage has 6 layers. Recommended maximum number of layers is 3-5. Adding more layers into the stage may drop the performance. Rethink your tree structure, you can use Konva.Group.
21:52:40 [vite] (client) [console.warn] Konva warning: The stage has 7 layers. Recommended maximum number of layers is 3-5. Adding more layers into the stage may drop the performance. Rethink your tree structure, you can use Konva.Group.
21:52:41 [vite] (client) [console.warn] Konva warning: The stage has 6 layers. Recommended maximum number of layers is 3-5. Adding more layers into the stage may drop the performance. Rethink your tree structure, you can use Konva.Group.
21:52:41 [vite] (client) [console.warn] Konva warning: The stage has 7 layers. Recommended maximum number of layers is 3-5. Adding more layers into the stage may drop the performance. Rethink your tree structure, you can use Konva.Group.
21:52:43 [vite] (client) [console.warn] Konva warning: The stage has 6 layers. Recommended maximum number of layers is 3-5. Adding more layers into the stage may drop the performance. Rethink your tree structure, you can use Konva.Group.
21:52:43 [vite] (client) [console.warn] Konva warning: The stage has 7 layers. Recommended maximum number of layers is 3-5. Adding more layers into the stage may drop the performance. Rethink your tree structure, you can use Konva.Group.
21:52:50 [vite] (client) [console.warn] Konva warning: The stage has 6 layers. Recommended maximum number of layers is 3-5. Adding more layers into the stage may drop the performance. Rethink your tree structure, you can use Konva.Group.
21:52:50 [vite] (client) [console.warn] Konva warning: The stage has 7 layers. Recommended maximum number of layers is 3-5. Adding more layers into the stage may drop the performance. Rethink your tree structure, you can use Konva.Group.
21:52:51 [vite] (client) [console.warn] Konva warning: The stage has 6 layers. Recommended maximum number of layers is 3-5. Adding more layers into the stage may drop the performance. Rethink your tree structure, you can use Konva.Group.
21:52:51 [vite] (client) [console.warn] Konva warning: The stage has 7 layers. Recommended maximum number of layers is 3-5. Adding more layers into the stage may drop the performance. Rethink your tree structure, you can use Konva.Group.
21:52:51 [vite] (client) [console.warn] Konva warning: The stage has 6 layers. Recommended maximum number of layers is 3-5. Adding more layers into the stage may drop the performance. Rethink your tree structure, you can use Konva.Group.
21:52:51 [vite] (client) [console.warn] Konva warning: The stage has 7 layers. Recommended maximum number of layers is 3-5. Adding more layers into the stage may drop the performance. Rethink your tree structure, you can use Konva.Group.
21:52:53 [vite] (client) [console.warn] Konva warning: The stage has 6 layers. Recommended maximum number of layers is 3-5. Adding more layers into the stage may drop the performance. Rethink your tree structure, you can use Konva.Group.
21:52:53 [vite] (client) [console.warn] Konva warning: The stage has 7 layers. Recommended maximum number of layers is 3-5. Adding more layers into the stage may drop the performance. Rethink your tree structure, you can use Konva.Group.
21:52:54 [vite] (client) [console.warn] Konva warning: The stage has 6 layers. Recommended maximum number of layers is 3-5. Adding more layers into the stage may drop the performance. Rethink your tree structure, you can use Konva.Group.
21:52:54 [vite] (client) [console.warn] Konva warning: The stage has 7 layers. Recommended maximum number of layers is 3-5. Adding more layers into the stage may drop the performance. Rethink your tree structure, you can use Konva.Group.
21:52:56 [vite] (client) [console.warn] Konva warning: The stage has 6 layers. Recommended maximum number of layers is 3-5. Adding more layers into the stage may drop the performance. Rethink your tree structure, you can use Konva.Group.
21:52:56 [vite] (client) [console.warn] Konva warning: The stage has 7 layers. Recommended maximum number of layers is 3-5. Adding more layers into the stage may drop the performance. Rethink your tree structure, you can use Konva.Group.
21:53:04 [vite] (client) [console.warn] Konva warning: The stage has 6 layers. Recommended maximum number of layers is 3-5. Adding more layers into the stage may drop the performance. Rethink your tree structure, you can use Konva.Group.
21:53:04 [vite] (client) [console.warn] Konva warning: The stage has 7 layers. Recommended maximum number of layers is 3-5. Adding more layers into the stage may drop the performance. Rethink your tree structure, you can use Konva.Group.
21:53:04 [vite] (client) [console.warn] Konva warning: The stage has 6 layers. Recommended maximum number of layers is 3-5. Adding more layers into the stage may drop the performance. Rethink your tree structure, you can use Konva.Group.
21:53:04 [vite] (client) [console.warn] Konva warning: The stage has 7 layers. Recommended maximum number of layers is 3-5. Adding more layers into the stage may drop the performance. Rethink your tree structure, you can use Konva.Group.
21:53:05 [vite] (client) [console.warn] Konva warning: The stage has 6 layers. Recommended maximum number of layers is 3-5. Adding more layers into the stage may drop the performance. Rethink your tree structure, you can use Konva.Group.
21:53:05 [vite] (client) [console.warn] Konva warning: The stage has 7 layers. Recommended maximum number of layers is 3-5. Adding more layers into the stage may drop the performance. Rethink your tree structure, you can use Konva.Group.
21:53:07 [vite] (client) [console.warn] Konva warning: The stage has 6 layers. Recommended maximum number of layers is 3-5. Adding more layers into the stage may drop the performance. Rethink your tree structure, you can use Konva.Group.
21:53:07 [vite] (client) [console.warn] Konva warning: The stage has 7 layers. Recommended maximum number of layers is 3-5. Adding more layers into the stage may drop the performance. Rethink your tree structure, you can use Konva.Group.
21:53:08 [vite] (client) [console.warn] Konva warning: The stage has 6 layers. Recommended maximum number of layers is 3-5. Adding more layers into the stage may drop the performance. Rethink your tree structure, you can use Konva.Group.
21:53:08 [vite] (client) [console.warn] Konva warning: The stage has 7 layers. Recommended maximum number of layers is 3-5. Adding more layers into the stage may drop the performance. Rethink your tree structure, you can use Konva.Group.
21:53:09 [vite] (client) [console.warn] Konva warning: The stage has 6 layers. Recommended maximum number of layers is 3-5. Adding more layers into the stage may drop the performance. Rethink your tree structure, you can use Konva.Group.
21:53:09 [vite] (client) [console.warn] Konva warning: The stage has 7 layers. Recommended maximum number of layers is 3-5. Adding more layers into the stage may drop the performance. Rethink your tree structure, you can use Konva.Group.
21:53:16 [vite] (client) [console.warn] Konva warning: The stage has 6 layers. Recommended maximum number of layers is 3-5. Adding more layers into the stage may drop the performance. Rethink your tree structure, you can use Konva.Group.
21:53:16 [vite] (client) [console.warn] Konva warning: The stage has 7 layers. Recommended maximum number of layers is 3-5. Adding more layers into the stage may drop the performance. Rethink your tree structure, you can use Konva.Group.
21:53:17 [vite] (client) [console.warn] Konva warning: The stage has 6 layers. Recommended maximum number of layers is 3-5. Adding more layers into the stage may drop the performance. Rethink your tree structure, you can use Konva.Group.
21:53:17 [vite] (client) [console.warn] Konva warning: The stage has 7 layers. Recommended maximum number of layers is 3-5. Adding more layers into the stage may drop the performance. Rethink your tree structure, you can use Konva.Group.
21:53:17 [vite] (client) [console.warn] Konva warning: The stage has 6 layers. Recommended maximum number of layers is 3-5. Adding more layers into the stage may drop the performance. Rethink your tree structure, you can use Konva.Group.
21:53:17 [vite] (client) [console.warn] Konva warning: The stage has 7 layers. Recommended maximum number of layers is 3-5. Adding more layers into the stage may drop the performance. Rethink your tree structure, you can use Konva.Group.
21:53:19 [vite] (client) [console.warn] Konva warning: The stage has 6 layers. Recommended maximum number of layers is 3-5. Adding more layers into the stage may drop the performance. Rethink your tree structure, you can use Konva.Group.
21:53:19 [vite] (client) [console.warn] Konva warning: The stage has 7 layers. Recommended maximum number of layers is 3-5. Adding more layers into the stage may drop the performance. Rethink your tree structure, you can use Konva.Group.
21:53:20 [vite] (client) [console.warn] Konva warning: The stage has 6 layers. Recommended maximum number of layers is 3-5. Adding more layers into the stage may drop the performance. Rethink your tree structure, you can use Konva.Group.
21:53:20 [vite] (client) [console.warn] Konva warning: The stage has 7 layers. Recommended maximum number of layers is 3-5. Adding more layers into the stage may drop the performance. Rethink your tree structure, you can use Konva.Group.
21:53:21 [vite] (client) [console.warn] Konva warning: The stage has 6 layers. Recommended maximum number of layers is 3-5. Adding more layers into the stage may drop the performance. Rethink your tree structure, you can use Konva.Group.
21:53:21 [vite] (client) [console.warn] Konva warning: The stage has 7 layers. Recommended maximum number of layers is 3-5. Adding more layers into the stage may drop the performance. Rethink your tree structure, you can use Konva.Group.
21:53:28 [vite] (client) [console.warn] Konva warning: The stage has 6 layers. Recommended maximum number of layers is 3-5. Adding more layers into the stage may drop the performance. Rethink your tree structure, you can use Konva.Group.
21:53:28 [vite] (client) [console.warn] Konva warning: The stage has 7 layers. Recommended maximum number of layers is 3-5. Adding more layers into the stage may drop the performance. Rethink your tree structure, you can use Konva.Group.
21:53:28 [vite] (client) [console.warn] Konva warning: The stage has 6 layers. Recommended maximum number of layers is 3-5. Adding more layers into the stage may drop the performance. Rethink your tree structure, you can use Konva.Group.
21:53:28 [vite] (client) [console.warn] Konva warning: The stage has 7 layers. Recommended maximum number of layers is 3-5. Adding more layers into the stage may drop the performance. Rethink your tree structure, you can use Konva.Group.
21:53:29 [vite] (client) [console.warn] Konva warning: The stage has 6 layers. Recommended maximum number of layers is 3-5. Adding more layers into the stage may drop the performance. Rethink your tree structure, you can use Konva.Group.
21:53:29 [vite] (client) [console.warn] Konva warning: The stage has 7 layers. Recommended maximum number of layers is 3-5. Adding more layers into the stage may drop the performance. Rethink your tree structure, you can use Konva.Group.
Editor browser checks passed (4 scenarios). Artifacts: harness-shots/root-pan-diagnostic-430
