
 RUN  v4.1.11 D:/Projects/renovation-planner/.worktrees/editor-deliver-groups

stderr | tests/presentation/editor/zoneEditing.test.ts > the wired Plan Editor (design slice 8) > drags one vertex handle; the Inspector carries the post-drag area with no reselect (DoD 3)
Konva warning: The stage has 6 layers. Recommended maximum number of layers is 3-5. Adding more layers into the stage may drop the performance. Rethink your tree structure, you can use Konva.Group.
Konva warning: The stage has 7 layers. Recommended maximum number of layers is 3-5. Adding more layers into the stage may drop the performance. Rethink your tree structure, you can use Konva.Group.

stderr | tests/presentation/editor/zoneEditing.test.ts > the wired Plan Editor (design slice 8) > deletes from the Inspector; undo restores the exact entity; the panel follows both ways
Konva warning: The stage has 6 layers. Recommended maximum number of layers is 3-5. Adding more layers into the stage may drop the performance. Rethink your tree structure, you can use Konva.Group.
Konva warning: The stage has 7 layers. Recommended maximum number of layers is 3-5. Adding more layers into the stage may drop the performance. Rethink your tree structure, you can use Konva.Group.

stderr | tests/presentation/editor/zoneEditing.test.ts > the wired Plan Editor (design slice 8) > takes the outline and the handles down on deselection, not just the store entry
Konva warning: The stage has 6 layers. Recommended maximum number of layers is 3-5. Adding more layers into the stage may drop the performance. Rethink your tree structure, you can use Konva.Group.
Konva warning: The stage has 7 layers. Recommended maximum number of layers is 3-5. Adding more layers into the stage may drop the performance. Rethink your tree structure, you can use Konva.Group.

 ❯ |suite| tests/presentation/editor/zoneEditing.test.ts (15 tests | 3 failed) 3572ms
     × drags one vertex handle; the Inspector carries the post-drag area with no reselect (DoD 3) 209ms
     × deletes from the Inspector; undo restores the exact entity; the panel follows both ways 230ms
     × takes the outline and the handles down on deselection, not just the store entry 169ms
stderr | tests/presentation/editor/renovationRoutes.test.ts > changes perspective and marker visibility through the context and layer controls without writing
Konva warning: The stage has 6 layers. Recommended maximum number of layers is 3-5. Adding more layers into the stage may drop the performance. Rethink your tree structure, you can use Konva.Group.
Konva warning: The stage has 7 layers. Recommended maximum number of layers is 3-5. Adding more layers into the stage may drop the performance. Rethink your tree structure, you can use Konva.Group.

 ❯ |suite| tests/presentation/editor/renovationRoutes.test.ts (17 tests | 1 failed) 6302ms
   × changes perspective and marker visibility through the context and layer controls without writing 295ms
stderr | tests/presentation/editor/shell/newRoomInspector.test.ts > NewRoomInspector > the Create button describes a real element while blocked, and nothing at all once valid
Konva warning: The stage has 6 layers. Recommended maximum number of layers is 3-5. Adding more layers into the stage may drop the performance. Rethink your tree structure, you can use Konva.Group.
Konva warning: The stage has 7 layers. Recommended maximum number of layers is 3-5. Adding more layers into the stage may drop the performance. Rethink your tree structure, you can use Konva.Group.

stderr | tests/presentation/editor/shell/newRoomInspector.test.ts > NewRoomInspector > while a Create is in flight the button is disabled and states no false reason
Konva warning: The stage has 6 layers. Recommended maximum number of layers is 3-5. Adding more layers into the stage may drop the performance. Rethink your tree structure, you can use Konva.Group.
Konva warning: The stage has 7 layers. Recommended maximum number of layers is 3-5. Adding more layers into the stage may drop the performance. Rethink your tree structure, you can use Konva.Group.

 ❯ |suite| tests/presentation/editor/shell/newRoomInspector.test.ts (21 tests | 2 failed) 4454ms
     × the Create button describes a real element while blocked, and nothing at all once valid 195ms
     × while a Create is in flight the button is disabled and states no false reason 175ms
stderr | tests/presentation/editor/shell/multiSelectionInspector.test.ts > Editor selection across the list, canvas and Inspector > keeps the list reachable after selecting, supports multi-selection without modifiers and preserves the camera
Konva warning: The stage has 6 layers. Recommended maximum number of layers is 3-5. Adding more layers into the stage may drop the performance. Rethink your tree structure, you can use Konva.Group.
Konva warning: The stage has 7 layers. Recommended maximum number of layers is 3-5. Adding more layers into the stage may drop the performance. Rethink your tree structure, you can use Konva.Group.

 ❯ |suite| tests/presentation/editor/shell/multiSelectionInspector.test.ts (17 tests | 1 failed) 4006ms
     × keeps the list reachable after selecting, supports multi-selection without modifiers and preserves the camera 207ms
stderr | tests/presentation/editor/renovateRoomManipulation.test.ts > edits a Room corner in Renovate through one reversible geometry command
Konva warning: The stage has 6 layers. Recommended maximum number of layers is 3-5. Adding more layers into the stage may drop the performance. Rethink your tree structure, you can use Konva.Group.
Konva warning: The stage has 7 layers. Recommended maximum number of layers is 3-5. Adding more layers into the stage may drop the performance. Rethink your tree structure, you can use Konva.Group.

 ❯ |suite| tests/presentation/editor/renovateRoomManipulation.test.ts (4 tests | 1 failed) 1730ms
   × edits a Room corner in Renovate through one reversible geometry command 722ms

⎯⎯⎯⎯⎯⎯⎯ Failed Tests 8 ⎯⎯⎯⎯⎯⎯⎯

 FAIL  |suite| tests/presentation/editor/renovateRoomManipulation.test.ts > edits a Room corner in Renovate through one reversible geometry command
AssertionError: expected undefined to be defined
 ❯ tests/presentation/editor/renovateRoomManipulation.test.ts:21:58
     19|  // Vertex handles are direct screen-space children; rotation is a sep…
     20|  expect(interaction?.getChildren().filter(node => node.getClassName() …
     21|  expect(interaction?.findOne('.object-rotation-handle')).toBeDefined();
       |                                                          ^
     22|  const tool = rig.runtime.toolManager;
     23|  tool.pointerDown(pointerAt(points[0].x, points[0].y)); tool.pointerMo…

⎯⎯⎯⎯⎯⎯⎯⎯⎯⎯⎯⎯⎯⎯⎯⎯⎯⎯⎯⎯⎯⎯⎯⎯[1/8]⎯

 FAIL  |suite| tests/presentation/editor/renovationRoutes.test.ts > changes perspective and marker visibility through the context and layer controls without writing
Error: Expected visibility to be present, got undefined.
 ❯ expectDefined tests/helpers/domain.ts:121:9
    119| export function expectDefined<T>(value: T | null | undefined, what: st…
    120|  if (value === null || value === undefined) {
    121|   throw new Error(`Expected ${what} to be present, got ${String(value)…
       |         ^
    122|  }
    123|  return value;
 ❯ tests/presentation/editor/renovationRoutes.test.ts:176:8

⎯⎯⎯⎯⎯⎯⎯⎯⎯⎯⎯⎯⎯⎯⎯⎯⎯⎯⎯⎯⎯⎯⎯⎯[2/8]⎯

 FAIL  |suite| tests/presentation/editor/zoneEditing.test.ts > the wired Plan Editor (design slice 8) > drags one vertex handle; the Inspector carries the post-drag area with no reselect (DoD 3)
AssertionError: expected undefined to be defined
 ❯ tests/presentation/editor/zoneEditing.test.ts:180:59
    178|   const interaction = harness.stage?.findOne<Konva.Layer>('.interactio…
    179|   expect(interaction?.getChildren().filter(node => node.getClassName()…
    180|   expect(interaction?.findOne('.object-rotation-handle')).toBeDefined(…
       |                                                           ^
    181|
    182|   // The panel shows the pre-drag area: 2900 × 1900 mm. Waited for, no…

⎯⎯⎯⎯⎯⎯⎯⎯⎯⎯⎯⎯⎯⎯⎯⎯⎯⎯⎯⎯⎯⎯⎯⎯[3/8]⎯

 FAIL  |suite| tests/presentation/editor/zoneEditing.test.ts > the wired Plan Editor (design slice 8) > deletes from the Inspector; undo restores the exact entity; the panel follows both ways
AssertionError: expected 'Kitchen refitGround floorUndoRedoView…' to contain 'This floor has no rooms yet.'

Expected: "This floor has no rooms yet."
Received: "Kitchen refitGround floorUndoRedoViewFit floor FFit selection ⇧2 − 10% + Show gridSnap to objectsThe grid is a visual guide; hold shift to constrain drawing angles, while wall openings stay attached to their wall.Focus this tabSelect a room on the canvas or from the list to see its details.PropertyKitchen refitGround floorLayersReference planNo reference plan has been added to this floor.Set scaleRoomsReference optionsUpload a floor planElementsSet up Ground floorStart with what you have. You can refine measurements later.Add roomsQuickly draw and size your roomsRecommendedUpload a floor planUse a PDF or image as your guideStart emptyDraw walls or areas yourselfSelectPanAddInspectorGround floorUpload a floor planNothing has been added yet.Get startedReference planRoomsScaleZoom 10%Grid offSnap onScale not set—SavedGround floorSpace or the middle button pans"

 ❯ tests/presentation/editor/zoneEditing.test.ts:235:34
    233|   // floor state has no rooms left to list instead.
    234|   expect(expectOk(await zonesRepo.listByPlan('plan-e2e' as never)).loa…
    235|   expect(harness.wrapper.text()).toContain('This floor has no rooms ye…
       |                                  ^
    236|
    237|   actionButton(harness, 'Undo').click();

⎯⎯⎯⎯⎯⎯⎯⎯⎯⎯⎯⎯⎯⎯⎯⎯⎯⎯⎯⎯⎯⎯⎯⎯[4/8]⎯

 FAIL  |suite| tests/presentation/editor/zoneEditing.test.ts > the wired Plan Editor (design slice 8) > takes the outline and the handles down on deselection, not just the store entry
AssertionError: expected undefined to be defined
 ❯ tests/presentation/editor/zoneEditing.test.ts:555:59
    553|   const interaction = harness.stage?.findOne<Konva.Layer>('.interactio…
    554|   expect(interaction?.getChildren().filter(node => node.getClassName()…
    555|   expect(interaction?.findOne('.object-rotation-handle')).toBeDefined(…
       |                                                           ^
    556|   expect(interaction?.find('.selection-outline')).toHaveLength(1);
    557|

⎯⎯⎯⎯⎯⎯⎯⎯⎯⎯⎯⎯⎯⎯⎯⎯⎯⎯⎯⎯⎯⎯⎯⎯[5/8]⎯

 FAIL  |suite| tests/presentation/editor/shell/multiSelectionInspector.test.ts > Editor selection across the list, canvas and Inspector > keeps the list reachable after selecting, supports multi-selection without modifiers and preserves the camera
AssertionError: expected [ 'zone-kitchen' ] to deeply equal [ 'zone-kitchen', 'zone-terrace' ]

- Expected
+ Received

  [
    "zone-kitchen",
-   "zone-terrace",
  ]

 ❯ tests/presentation/editor/shell/multiSelectionInspector.test.ts:174:43
    172|   await multiple.find('button').trigger('click');
    173|   await settle();
    174|   expect(useSelectionStore().selectedIds).toEqual(['zone-kitchen', 'zo…
       |                                           ^
    175|   expect(useSelectionStore().focusedId).toBe('zone-kitchen');
    176|   expect(harness.stage.find('.selection-badge')).toHaveLength(2);

⎯⎯⎯⎯⎯⎯⎯⎯⎯⎯⎯⎯⎯⎯⎯⎯⎯⎯⎯⎯⎯⎯⎯⎯[6/8]⎯

 FAIL  |suite| tests/presentation/editor/shell/newRoomInspector.test.ts > NewRoomInspector > the Create button describes a real element while blocked, and nothing at all once valid
AssertionError: expected true to be false // Object.is equality

- Expected
+ Received

- false
+ true

 ❯ tests/presentation/editor/shell/newRoomInspector.test.ts:175:63
    173|   expect(create.attributes('aria-disabled')).toBe('false');
    174|   expect(create.attributes('aria-describedby')).toBeUndefined();
    175|   expect(harness.wrapper.find('.rp-new-room__hint').exists()).toBe(fal…
       |                                                               ^
    176|   harness.unmount();
    177|  });

⎯⎯⎯⎯⎯⎯⎯⎯⎯⎯⎯⎯⎯⎯⎯⎯⎯⎯⎯⎯⎯⎯⎯⎯[7/8]⎯

 FAIL  |suite| tests/presentation/editor/shell/newRoomInspector.test.ts > NewRoomInspector > while a Create is in flight the button is disabled and states no false reason
AssertionError: expected true to be false // Object.is equality

- Expected
+ Received

- false
+ true

 ❯ tests/presentation/editor/shell/newRoomInspector.test.ts:203:63
    201|   const create = harness.wrapper.find('button.rp-new-room__create');
    202|   expect(create.attributes('aria-disabled')).toBe('true');
    203|   expect(harness.wrapper.find('.rp-new-room__hint').exists()).toBe(fal…
       |                                                               ^
    204|   expect(create.attributes('aria-describedby')).toBeUndefined();
    205|   harness.unmount();

⎯⎯⎯⎯⎯⎯⎯⎯⎯⎯⎯⎯⎯⎯⎯⎯⎯⎯⎯⎯⎯⎯⎯⎯[8/8]⎯


 Test Files  5 failed (5)
      Tests  8 failed | 66 passed (74)
   Start at  15:57:46
   Duration  30.97s (transform 16.52s, setup 0ms, import 29.83s, tests 20.06s, environment 8.64s)
