
> renovation-planner@0.1.0 check
> npm run build && npm run lint && npm run test:coverage && npm run analyze


> renovation-planner@0.1.0 build
> vue-tsc -noEmit && vite build

vite v8.2.2 building client environment for production...
transforming...
✓ 1174 modules transformed.
rendering chunks...
computing gzip size...
dist/styles.css    121.35 kB │ gzip:  16.80 kB
dist/main.js     1,588.27 kB │ gzip: 464.80 kB

✓ built in 3.88s
[PLUGIN_TIMINGS] Your build spent 65% of 3.9s inside plugin hooks (2.5s).
Measured inside the callback, so queue time is excluded and time the callback itself awaited is not:
  - vite:vue transform (57%, 2.2s, 402 calls)
See https://rolldown.rs/reference/InputOptions.checks#plugintimings for more details.


> renovation-planner@0.1.0 lint
> oxlint --deny-warnings && eslint . --max-warnings 0


> renovation-planner@0.1.0 test:coverage
> vitest run --coverage


 RUN  v4.1.11 D:/Projects/renovation-planner/.worktrees/editor-deliver-groups
      Coverage enabled with v8

 ❯ |build-lint| tests/build/lint-edited.test.ts (11 tests | 1 failed) 105168ms
     × tells the agent what ESLint found in an SFC, which oxlint cannot see at all 64453ms
RP_CHROMIUM_EXECUTABLE is set: capturing with C:\Users\lum\AppData\Local\Temp\rp-pinned-qQZ7ey\some-other-build\chrome, which is not the Chromium playwright-core pins.
Read the pictures as approximate — a different build renders text and layout slightly differently.
Not implemented: navigation to another Document
stderr | tests/presentation/editor/zoneEditing.test.ts > the wired Plan Editor (design slice 8) > drags one vertex handle; the Inspector carries the post-drag area with no reselect (DoD 3)
Konva warning: The stage has 6 layers. Recommended maximum number of layers is 3-5. Adding more layers into the stage may drop the performance. Rethink your tree structure, you can use Konva.Group.
Konva warning: The stage has 7 layers. Recommended maximum number of layers is 3-5. Adding more layers into the stage may drop the performance. Rethink your tree structure, you can use Konva.Group.

stderr | tests/presentation/editor/zoneEditing.test.ts > the wired Plan Editor (design slice 8) > deletes from the Inspector; undo restores the exact entity; the panel follows both ways
Konva warning: The stage has 6 layers. Recommended maximum number of layers is 3-5. Adding more layers into the stage may drop the performance. Rethink your tree structure, you can use Konva.Group.
Konva warning: The stage has 7 layers. Recommended maximum number of layers is 3-5. Adding more layers into the stage may drop the performance. Rethink your tree structure, you can use Konva.Group.

stderr | tests/presentation/editor/zoneEditing.test.ts > the wired Plan Editor (design slice 8) > takes the outline and the handles down on deselection, not just the store entry
Konva warning: The stage has 6 layers. Recommended maximum number of layers is 3-5. Adding more layers into the stage may drop the performance. Rethink your tree structure, you can use Konva.Group.
Konva warning: The stage has 7 layers. Recommended maximum number of layers is 3-5. Adding more layers into the stage may drop the performance. Rethink your tree structure, you can use Konva.Group.

 ❯ |suite| tests/presentation/editor/zoneEditing.test.ts (15 tests | 3 failed) 5934ms
     × drags one vertex handle; the Inspector carries the post-drag area with no reselect (DoD 3) 274ms
     × deletes from the Inspector; undo restores the exact entity; the panel follows both ways 299ms
     × takes the outline and the handles down on deselection, not just the store entry 331ms
stderr | tests/presentation/editor/renovationRoutes.test.ts > changes perspective and marker visibility through the context and layer controls without writing
Konva warning: The stage has 6 layers. Recommended maximum number of layers is 3-5. Adding more layers into the stage may drop the performance. Rethink your tree structure, you can use Konva.Group.
Konva warning: The stage has 7 layers. Recommended maximum number of layers is 3-5. Adding more layers into the stage may drop the performance. Rethink your tree structure, you can use Konva.Group.

 ❯ |suite| tests/presentation/editor/renovationRoutes.test.ts (17 tests | 1 failed) 9389ms
   × changes perspective and marker visibility through the context and layer controls without writing 430ms
stderr | tests/presentation/editor/shell/newRoomInspector.test.ts > NewRoomInspector > the Create button describes a real element while blocked, and nothing at all once valid
Konva warning: The stage has 6 layers. Recommended maximum number of layers is 3-5. Adding more layers into the stage may drop the performance. Rethink your tree structure, you can use Konva.Group.
Konva warning: The stage has 7 layers. Recommended maximum number of layers is 3-5. Adding more layers into the stage may drop the performance. Rethink your tree structure, you can use Konva.Group.

stderr | tests/presentation/editor/shell/newRoomInspector.test.ts > NewRoomInspector > while a Create is in flight the button is disabled and states no false reason
Konva warning: The stage has 6 layers. Recommended maximum number of layers is 3-5. Adding more layers into the stage may drop the performance. Rethink your tree structure, you can use Konva.Group.
Konva warning: The stage has 7 layers. Recommended maximum number of layers is 3-5. Adding more layers into the stage may drop the performance. Rethink your tree structure, you can use Konva.Group.

 ❯ |suite| tests/presentation/editor/shell/newRoomInspector.test.ts (21 tests | 2 failed) 6154ms
     × the Create button describes a real element while blocked, and nothing at all once valid 225ms
     × while a Create is in flight the button is disabled and states no false reason 219ms
Not implemented: HTMLCanvasElement's getContext() method: without installing the canvas npm package
stderr | tests/presentation/editor/renovateRoomManipulation.test.ts > edits a Room corner in Renovate through one reversible geometry command
Konva warning: The stage has 6 layers. Recommended maximum number of layers is 3-5. Adding more layers into the stage may drop the performance. Rethink your tree structure, you can use Konva.Group.
Konva warning: The stage has 7 layers. Recommended maximum number of layers is 3-5. Adding more layers into the stage may drop the performance. Rethink your tree structure, you can use Konva.Group.

 ❯ |suite| tests/presentation/editor/renovateRoomManipulation.test.ts (4 tests | 1 failed) 2514ms
   × edits a Room corner in Renovate through one reversible geometry command 1066ms
file:///D:/Projects/renovation-planner/.worktrees/editor-deliver-groups/scripts/version-bump.mjs:10
	throw new Error('npm_package_version is not set. Run this via `npm version <bump>`, never directly.');
	      ^

Error: npm_package_version is not set. Run this via `npm version <bump>`, never directly.
    at file:///D:/Projects/renovation-planner/.worktrees/editor-deliver-groups/scripts/version-bump.mjs:10:8
    at ModuleJob.run (node:internal/modules/esm/module_job:561:25)
    at async node:internal/modules/esm/loader:647:26
    at async asyncRunEntryPointWithESMLoader (node:internal/modules/run_main:101:5)

Node.js v24.20.0

⎯⎯⎯⎯⎯⎯⎯ Failed Tests 8 ⎯⎯⎯⎯⎯⎯⎯

 FAIL  |build-lint| tests/build/lint-edited.test.ts > the edit-loop hook > tells the agent what ESLint found in an SFC, which oxlint cannot see at all
Error: Test timed out in 60000ms.
If this is a long-running test, pass a timeout value as the last argument or configure it globally with "testTimeout".
 ❯ tests/build/lint-edited.test.ts:246:2
    244|   * edit loop, where the number that matters is the 5.4s one.
    245|   */
    246|  it('tells the agent what ESLint found in an SFC, which oxlint cannot …
       |  ^
    247|   const spaced = '<template>\n  <p>x</p>\n</template>\n';
    248|

⎯⎯⎯⎯⎯⎯⎯⎯⎯⎯⎯⎯⎯⎯⎯⎯⎯⎯⎯⎯⎯⎯⎯⎯[1/8]⎯

 FAIL  |suite| tests/presentation/editor/renovateRoomManipulation.test.ts > edits a Room corner in Renovate through one reversible geometry command
AssertionError: expected undefined to be defined
 ❯ tests/presentation/editor/renovateRoomManipulation.test.ts:21:58
     19|  // Vertex handles are direct screen-space children; rotation is a sep…
     20|  expect(interaction?.getChildren().filter(node => node.getClassName() …
     21|  expect(interaction?.findOne('.object-rotation-handle')).toBeDefined();
       |                                                          ^
     22|  const tool = rig.runtime.toolManager;
     23|  tool.pointerDown(pointerAt(points[0].x, points[0].y)); tool.pointerMo…

⎯⎯⎯⎯⎯⎯⎯⎯⎯⎯⎯⎯⎯⎯⎯⎯⎯⎯⎯⎯⎯⎯⎯⎯[2/8]⎯

 FAIL  |suite| tests/presentation/editor/renovationRoutes.test.ts > changes perspective and marker visibility through the context and layer controls without writing
Error: Expected visibility to be present, got undefined.
 ❯ expectDefined tests/helpers/domain.ts:121:9
    119| export function expectDefined<T>(value: T | null | undefined, what: st…
    120|  if (value === null || value === undefined) {
    121|   throw new Error(`Expected ${what} to be present, got ${String(value)…
       |         ^
    122|  }
    123|  return value;
 ❯ tests/presentation/editor/renovationRoutes.test.ts:176:8

⎯⎯⎯⎯⎯⎯⎯⎯⎯⎯⎯⎯⎯⎯⎯⎯⎯⎯⎯⎯⎯⎯⎯⎯[3/8]⎯

 FAIL  |suite| tests/presentation/editor/zoneEditing.test.ts > the wired Plan Editor (design slice 8) > drags one vertex handle; the Inspector carries the post-drag area with no reselect (DoD 3)
AssertionError: expected undefined to be defined
 ❯ tests/presentation/editor/zoneEditing.test.ts:180:59
    178|   const interaction = harness.stage?.findOne<Konva.Layer>('.interactio…
    179|   expect(interaction?.getChildren().filter(node => node.getClassName()…
    180|   expect(interaction?.findOne('.object-rotation-handle')).toBeDefined(…
       |                                                           ^
    181|
    182|   // The panel shows the pre-drag area: 2900 × 1900 mm. Waited for, no…

⎯⎯⎯⎯⎯⎯⎯⎯⎯⎯⎯⎯⎯⎯⎯⎯⎯⎯⎯⎯⎯⎯⎯⎯[4/8]⎯

 FAIL  |suite| tests/presentation/editor/zoneEditing.test.ts > the wired Plan Editor (design slice 8) > deletes from the Inspector; undo restores the exact entity; the panel follows both ways
AssertionError: expected 'Kitchen refitGround floorUndoRedoView…' to contain 'This floor has no rooms yet.'

Expected: "This floor has no rooms yet."
Received: "Kitchen refitGround floorUndoRedoViewFit floor FFit selection ⇧2 − 10% + Show gridSnap to objectsThe grid is a visual guide; hold shift to constrain drawing angles, while wall openings stay attached to their wall.Focus this tabSelect a room on the canvas or from the list to see its details.PropertyKitchen refitGround floorLayersReference planNo reference plan has been added to this floor.Set scaleRoomsReference optionsUpload a floor planElementsSet up Ground floorStart with what you have. You can refine measurements later.Add roomsQuickly draw and size your roomsRecommendedUpload a floor planUse a PDF or image as your guideStart emptyDraw walls or areas yourselfSelectPanAddInspectorGround floorUpload a floor planNothing has been added yet.Get startedReference planRoomsScaleZoom 10%Grid offSnap onScale not set—SavedGround floorSpace or the middle button pans"

 ❯ tests/presentation/editor/zoneEditing.test.ts:235:34
    233|   // floor state has no rooms left to list instead.
    234|   expect(expectOk(await zonesRepo.listByPlan('plan-e2e' as never)).loa…
    235|   expect(harness.wrapper.text()).toContain('This floor has no rooms ye…
       |                                  ^
    236|
    237|   actionButton(harness, 'Undo').click();

⎯⎯⎯⎯⎯⎯⎯⎯⎯⎯⎯⎯⎯⎯⎯⎯⎯⎯⎯⎯⎯⎯⎯⎯[5/8]⎯

 FAIL  |suite| tests/presentation/editor/zoneEditing.test.ts > the wired Plan Editor (design slice 8) > takes the outline and the handles down on deselection, not just the store entry
AssertionError: expected undefined to be defined
 ❯ tests/presentation/editor/zoneEditing.test.ts:555:59
    553|   const interaction = harness.stage?.findOne<Konva.Layer>('.interactio…
    554|   expect(interaction?.getChildren().filter(node => node.getClassName()…
    555|   expect(interaction?.findOne('.object-rotation-handle')).toBeDefined(…
       |                                                           ^
    556|   expect(interaction?.find('.selection-outline')).toHaveLength(1);
    557|

⎯⎯⎯⎯⎯⎯⎯⎯⎯⎯⎯⎯⎯⎯⎯⎯⎯⎯⎯⎯⎯⎯⎯⎯[6/8]⎯

 FAIL  |suite| tests/presentation/editor/shell/newRoomInspector.test.ts > NewRoomInspector > the Create button describes a real element while blocked, and nothing at all once valid
AssertionError: expected true to be false // Object.is equality

- Expected
+ Received

- false
+ true

 ❯ tests/presentation/editor/shell/newRoomInspector.test.ts:175:63
    173|   expect(create.attributes('aria-disabled')).toBe('false');
    174|   expect(create.attributes('aria-describedby')).toBeUndefined();
    175|   expect(harness.wrapper.find('.rp-new-room__hint').exists()).toBe(fal…
       |                                                               ^
    176|   harness.unmount();
    177|  });

⎯⎯⎯⎯⎯⎯⎯⎯⎯⎯⎯⎯⎯⎯⎯⎯⎯⎯⎯⎯⎯⎯⎯⎯[7/8]⎯

 FAIL  |suite| tests/presentation/editor/shell/newRoomInspector.test.ts > NewRoomInspector > while a Create is in flight the button is disabled and states no false reason
AssertionError: expected true to be false // Object.is equality

- Expected
+ Received

- false
+ true

 ❯ tests/presentation/editor/shell/newRoomInspector.test.ts:203:63
    201|   const create = harness.wrapper.find('button.rp-new-room__create');
    202|   expect(create.attributes('aria-disabled')).toBe('true');
    203|   expect(harness.wrapper.find('.rp-new-room__hint').exists()).toBe(fal…
       |                                                               ^
    204|   expect(create.attributes('aria-describedby')).toBeUndefined();
    205|   harness.unmount();

⎯⎯⎯⎯⎯⎯⎯⎯⎯⎯⎯⎯⎯⎯⎯⎯⎯⎯⎯⎯⎯⎯⎯⎯[8/8]⎯


 Test Files  5 failed | 723 passed (728)
      Tests  8 failed | 8621 passed | 70 skipped (8699)
   Start at  16:04:36
   Duration  1474.68s (transform 56.06s, setup 0ms, import 836.26s, tests 1136.15s, environment 598.77s)

 % Coverage report from v8

=============================== Coverage summary ===============================
Statements   : 98.81% ( 21276/21532 )
Branches     : 97.34% ( 15452/15874 )
Functions    : 98.98% ( 6026/6088 )
Lines        : 99.5% ( 16045/16125 )
================================================================================
ERROR: Coverage for functions (98.98%) does not meet global threshold (99%)
ERROR: Coverage for statements (98.81%) does not meet global threshold (99%)
ERROR: Coverage for branches (97.34%) does not meet global threshold (98%)
