
 RUN  v4.1.11 D:/Projects/renovation-planner/.worktrees/editor-deliver-groups

stderr | tests/presentation/editor/groupDelivery.test.ts > finishes an enclosure write after disposal without changing the disposed selection or replaying the write
Konva warning: The stage has 6 layers. Recommended maximum number of layers is 3-5. Adding more layers into the stage may drop the performance. Rethink your tree structure, you can use Konva.Group.
Konva warning: The stage has 7 layers. Recommended maximum number of layers is 3-5. Adding more layers into the stage may drop the performance. Rethink your tree structure, you can use Konva.Group.

 ❯ |suite| tests/presentation/editor/groupDelivery.test.ts (7 tests | 1 failed) 2728ms
   × finishes an enclosure write after disposal without changing the disposed selection or replaying the write 232ms

⎯⎯⎯⎯⎯⎯⎯ Failed Tests 1 ⎯⎯⎯⎯⎯⎯⎯

 FAIL  |suite| tests/presentation/editor/groupDelivery.test.ts > finishes an enclosure write after disposal without changing the disposed selection or replaying the write
AssertionError: expected [ …(6) ] to deeply equal [ 'zone-01M235XAA0XWCB9H5SENMG4Q2W' ]

- Expected
+ Received

  [
    "zone-01M235XAA0XWCB9H5SENMG4Q2W",
+   "wall-01M235XAAV25SPSTW97CYHYF2Y",
+   "wall-01M235XAAV25SPSTW97CYHYF2Z",
+   "wall-01M235XAAV25SPSTW97CYHYF30",
+   "wall-01M235XAAV25SPSTW97CYHYF31",
+   "opening-group-delivery",
  ]

 ❯ tests/presentation/editor/groupDelivery.test.ts:119:74
    117|  const action = enclose.run(); await written.promise;
    118|  rig.unmount(); mounted.pop(); const selection = [...rig.selection.sel…
    119|  expect(write).toHaveBeenCalledOnce(); expect(rig.selection.selectedId…
       |                                                                          ^
    120|  expect(expectOk(await rig.fresh().read(rig.plan.id)).document.groups?…
    121| });

⎯⎯⎯⎯⎯⎯⎯⎯⎯⎯⎯⎯⎯⎯⎯⎯⎯⎯⎯⎯⎯⎯⎯⎯[1/1]⎯


 Test Files  1 failed | 1 passed (2)
      Tests  1 failed | 8 passed (9)
   Start at  15:32:05
   Duration  20.69s (transform 25.80s, setup 0ms, import 32.24s, tests 4.06s, environment 3.04s)
