
 RUN  v4.1.11 D:/Projects/renovation-planner/.worktrees/editor-deliver-groups

 ❯ |suite| tests/domain/spatialGroups.test.ts (12 tests | 2 failed) 30ms
   × retains group catalogue and member order when extending an existing group identity 14ms
   × leaves an existing Room boundary in its original catalogue position when enclosing it again 7ms

⎯⎯⎯⎯⎯⎯⎯ Failed Tests 2 ⎯⎯⎯⎯⎯⎯⎯

 FAIL  |suite| tests/domain/spatialGroups.test.ts > retains group catalogue and member order when extending an existing group identity
AssertionError: expected [ { id: 'group-other', …(2) }, …(1) ] to deeply equal [ { id: 'group-one', …(2) }, …(1) ]

- Expected
+ Received

  [
    {
-     "id": "group-one",
+     "id": "group-other",
      "memberIds": [
-       "wall-a",
-       "room-one",
+       "wall-c",
      ],
-     "name": "Room assembly",
+     "name": "Elsewhere",
    },
    {
-     "id": "group-other",
+     "id": "group-one",
      "memberIds": [
-       "wall-c",
+       "room-one",
+       "wall-a",
      ],
-     "name": "Elsewhere",
+     "name": "Room assembly",
    },
  ]

 ❯ tests/domain/spatialGroups.test.ts:41:100
     39|  const unrelated = { id: 'group-other', name: 'Elsewhere', memberIds: …
     40|  const ordered = { ...group, memberIds: ['wall-a', 'room-one'] };
     41|  expect(regroup([ordered, unrelated], { ...group, memberIds: ['room-on…
       |                                                                                                    ^
     42|  expect(regroup([ordered, unrelated], { ...group, memberIds: ['room-on…
     43|   { ...ordered, memberIds: ['wall-a', 'room-one', 'wall-b'] }, unrelat…

⎯⎯⎯⎯⎯⎯⎯⎯⎯⎯⎯⎯⎯⎯⎯⎯⎯⎯⎯⎯⎯⎯⎯⎯[1/2]⎯

 FAIL  |suite| tests/domain/spatialGroups.test.ts > leaves an existing Room boundary in its original catalogue position when enclosing it again
AssertionError: expected { walls: [ { …(5) }, …(7) ], …(2) } to deeply equal { walls: [ { …(5) }, …(7) ], …(2) }

- Expected
+ Received

@@ -1,23 +1,23 @@
  {
    "boundaries": [
      {
-       "roomId": "room-one",
-       "wallIds": [
-         "wall-a",
-         "wall-b",
-         "wall-c",
-         "wall-d",
-       ],
-     },
-     {
        "roomId": "room-two",
        "wallIds": [
          "wall-a-far",
          "wall-b-far",
          "wall-c-far",
          "wall-d-far",
+       ],
+     },
+     {
+       "roomId": "room-one",
+       "wallIds": [
+         "wall-a",
+         "wall-b",
+         "wall-c",
+         "wall-d",
        ],
      },
    ],
    "openings": [],
    "walls": [

 ❯ tests/domain/spatialGroups.test.ts:54:70
     52|  ] };
     53|  const enclosed = expectOk(encloseRoom({ id: 'room-one', points: WALL_…
     54|  expect(enclosed.createdIds).toEqual([]); expect(enclosed.structure).t…
       |                                                                      ^
     55| });
     56|

⎯⎯⎯⎯⎯⎯⎯⎯⎯⎯⎯⎯⎯⎯⎯⎯⎯⎯⎯⎯⎯⎯⎯⎯[2/2]⎯


 Test Files  1 failed (1)
      Tests  2 failed | 10 passed (12)
   Start at  15:57:16
   Duration  2.37s (transform 1.55s, setup 0ms, import 2.10s, tests 30ms, environment 0ms)
