
 RUN  v4.1.11 D:/Projects/renovation-planner/.worktrees/editor-deliver-groups

stderr | tests/presentation/editor/groupDelivery.test.ts > keeps an Alt-selected opening individually editable when its host is a singleton saved group
Konva warning: The stage has 6 layers. Recommended maximum number of layers is 3-5. Adding more layers into the stage may drop the performance. Rethink your tree structure, you can use Konva.Group.
Konva warning: The stage has 7 layers. Recommended maximum number of layers is 3-5. Adding more layers into the stage may drop the performance. Rethink your tree structure, you can use Konva.Group.

 ❯ |suite| tests/presentation/editor/groupDelivery.test.ts (9 tests | 1 failed) 4378ms
   × keeps an Alt-selected opening individually editable when its host is a singleton saved group 415ms

⎯⎯⎯⎯⎯⎯⎯ Failed Tests 1 ⎯⎯⎯⎯⎯⎯⎯

 FAIL  |suite| tests/presentation/editor/groupDelivery.test.ts > keeps an Alt-selected opening individually editable when its host is a singleton saved group
AssertionError: expected { …(7) } to be null

- Expected:
null

+ Received:
{
  "generation": 12,
  "group": {
    "document": {
      "calibration": null,
      "groups": [
        {
          "id": "group-01M23600C7C4JB2XVH4MYWANME",
          "memberIds": [
            "wall-01M23600C7C4JB2XVH4MYWANMA",
          ],
          "name": "Kitchen",
        },
      ],
      "intended": {
        "boundaries": [
          {
            "roomId": "zone-01M23600ABG50ZJNK4A9ZFF8MJ",
            "wallIds": [
              "wall-01M23600C7C4JB2XVH4MYWANMA",
              "wall-01M23600C7C4JB2XVH4MYWANMB",
              "wall-01M23600C7C4JB2XVH4MYWANMC",
              "wall-01M23600C7C4JB2XVH4MYWANMD",
            ],
          },
        ],
        "openings": [],
        "walls": [
          {
            "end": {
              "x": 4000,
              "y": 0,
            },
            "height": 2400,
            "id": "wall-01M23600C7C4JB2XVH4MYWANMA",
            "start": {
              "x": 0,
              "y": 0,
            },
            "thickness": 150,
          },
          {
            "end": {
              "x": 4000,
              "y": 3000,
            },
            "height": 2400,
            "id": "wall-01M23600C7C4JB2XVH4MYWANMB",
            "start": {
              "x": 4000,
              "y": 0,
            },
            "thickness": 150,
          },
          {
            "end": {
              "x": 0,
              "y": 3000,
            },
            "height": 2400,
            "id": "wall-01M23600C7C4JB2XVH4MYWANMC",
            "start": {
              "x": 4000,
              "y": 3000,
            },
            "thickness": 150,
          },
          {
            "end": {
              "x": 0,
              "y": 0,
            },
            "height": 2400,
            "id": "wall-01M23600C7C4JB2XVH4MYWANMD",
            "start": {
              "x": 0,
              "y": 3000,
            },
            "thickness": 150,
          },
        ],
      },
      "objects": [
        {
          "bulges": [
            0.25,
            0,
            0,
            0,
          ],
          "id": "zone-01M23600ABG50ZJNK4A9ZFF8MJ",
          "points": [
            {
              "x": 0,
              "y": 0,
            },
            {
              "x": 4000,
              "y": 0,
            },
            {
              "x": 4000,
              "y": 3000,
            },
            {
              "x": 0,
              "y": 3000,
            },
          ],
        },
      ],
      "structure": {
        "boundaries": [
          {
            "roomId": "zone-01M23600ABG50ZJNK4A9ZFF8MJ",
            "wallIds": [
              "wall-01M23600C7C4JB2XVH4MYWANMA",
              "wall-01M23600C7C4JB2XVH4MYWANMB",
              "wall-01M23600C7C4JB2XVH4MYWANMC",
              "wall-01M23600C7C4JB2XVH4MYWANMD",
            ],
          },
        ],
        "openings": [
          {
            "height": 2100,
            "hostId": "wall-01M23600C7C4JB2XVH4MYWANMA",
            "id": "opening-group-delivery",
            "kind": "door",
            "offset": 500,
            "sill": 0,
            "swing": {
              "angle": 65,
              "hinge": "end",
              "side": "right",
            },
            "width": 800,
          },
        ],
        "walls": [
          {
            "bulge": 0.25,
            "end": {
              "x": 4000,
              "y": 0,
            },
            "height": 2400,
            "id": "wall-01M23600C7C4JB2XVH4MYWANMA",
            "start": {
              "x": 0,
              "y": 0,
            },
            "thickness": 150,
          },
          {
            "end": {
              "x": 4000,
              "y": 3000,
            },
            "height": 2400,
            "id": "wall-01M23600C7C4JB2XVH4MYWANMB",
            "start": {
              "x": 4000,
              "y": 0,
            },
            "thickness": 150,
          },
          {
            "end": {
              "x": 0,
              "y": 3000,
            },
            "height": 2400,
            "id": "wall-01M23600C7C4JB2XVH4MYWANMC",
            "start": {
              "x": 4000,
              "y": 3000,
            },
            "thickness": 150,
          },
          {
            "end": {
              "x": 0,
              "y": 0,
            },
            "height": 2400,
            "id": "wall-01M23600C7C4JB2XVH4MYWANMD",
            "start": {
              "x": 0,
              "y": 3000,
            },
            "thickness": 150,
          },
        ],
      },
    },
    "generation": 12,
    "id": "group-01M23600C7C4JB2XVH4MYWANME",
    "memberIds": [
      "wall-01M23600C7C4JB2XVH4MYWANMA",
      "opening-group-delivery",
    ],
    "name": "Kitchen",
    "selectionIds": [
      "wall-01M23600C7C4JB2XVH4MYWANMA",
      "opening-group-delivery",
    ],
  },
  "id": "group-01M23600C7C4JB2XVH4MYWANME",
  "kind": "group",
  "name": "Kitchen",
  "points": [
    {
      "x": 0,
      "y": -500,
    },
    {
      "x": 4000,
      "y": -500,
    },
    {
      "x": 4000,
      "y": 0,
    },
    {
      "x": 0,
      "y": 0,
    },
  ],
  "visible": true,
}

 ❯ tests/presentation/editor/groupDelivery.test.ts:129:48
    127|  expectOk(await rig.geometry.write(rig.plan.id, { ...rig.original, gro…
    128|  rig.selection.select([rig.opening.id as never]); await settle();
    129|  expect(rig.runtime.groupActions.target.value).toBeNull();
       |                                                ^
    130|  expect(rig.wrapper.find('[name="group-dx"]').exists()).toBe(false);
    131|  expect(rig.runtime.groupActions.actions(rig.selection.selectedIds).ma…

⎯⎯⎯⎯⎯⎯⎯⎯⎯⎯⎯⎯⎯⎯⎯⎯⎯⎯⎯⎯⎯⎯⎯⎯[1/1]⎯


 Test Files  1 failed (1)
      Tests  1 failed | 8 passed (9)
   Start at  15:33:32
   Duration  21.85s (transform 12.92s, setup 0ms, import 15.93s, tests 4.38s, environment 1.26s)
